[    0.000000] Linux version 4.15.0-65-generic (buildd@lgw01-amd64-006) (gcc version 7.4.0 (Ubuntu 7.4.0-1ubuntu1~18.04.1)) #74-Ubuntu SMP Tue Sep 17 17:06:04 UTC 2019 (Ubuntu 4.15.0-65.74-generic 4.15.18)
[    0.000000] Command line: BOOT_IMAGE=/boot/vmlinuz-4.15.0-65-geerc root=LABEL=cloudimg-rootfs ro console=tty1 console=ttyS0
[    0.000000] KERNEL supported cpus:
[    0.000000]   Intel GenuineIntel
[    0.000000]   AMD AutheicAMD
[   .00000] Centaur CentaurHauls
[    0.000000] x86/fpu: Supporting XSAVE feature 0x001: 'x87 floating point registers'
[    0.000000] x86/fpu: Supporting XSAVE feature 0x002: 'SSE registers'
[    0.000000] x86/fpu: Supporting XSAVE feature 0x004: 'AVX registers'
[   .000000] x8fp: xstateofse[2]:  576, xstatesizes2]:  256
[    0.000000] x86/fpu: Enabled xstate features 0x7, context size is 832 bytes, using 'standard' format.
[   0.000000]e80:BIOS-prvied pysical AMma:
[    0.0000] BIOS-e820: [mem 0x0000000000000000-0x000000000009fbff] usable
[    0.000000] BIOS-e820: [mem 0x000000000009fc00-0x000000000009ff]reserved
[    0.000000] BIOS-e820: [mem 0x00000000000f0000-0000000000fffff] reserved
[    0.000000] BIOS-e820: [mem 0x0000000000100000-0x000000003ffeffff] usable
[    0.000000] BIOS-e820: [mem 0x000000003fff0000-0x000000003fffffff] ACPI data
[    0.000000] BIOS-e820: [mem 0x00000000fec00000-0x00000000fec00fff] reserved
[    0.000000] BIOS-e820: [mem 0x00000000fee0000-x000000fee00ff reserved
[   .00000] BIOSe80: [mem 0x00000000fffc0000-0x0000000ffffff] reserved
[    0.000000] NX (Execute Disable) protection: active
[   0.000000SMBIOS 2. pesent.
[    0.000000]DM: nnotek mbH VirtualBox/VirtulBx,BIOS VirtualBox /0/2006
[   0.00000] Hypervisor detected: KVM
[    0.000000] e820: last_pfn = 0x3fff0 max_arch_pfn = 0x400000000
[    0.000000] MTRR: Disabled
[    0.000000] x86/PAT: MTRRs disabled, skipping PAT initialization too.
[    0.000000] CPU MTRRs all blank - virtualized syste
    0.000000] x86/PAT: Configuration [0-7]: WB  WT  UC- UC  WB  WT  - C  
[  0.00000] found SMP MP-table at [mem 0x0009fff0-0x0009ffff]
[    0.000000] Scanning 1 areas for low memory corruption
[    0.000000] RAMDISK: [mem 0x35977000-0x36cb2fff]
[    0.000000] ACPI: Early table checksum verificatn isabled    0.000000] API RSDP x000000000E0000 0024(v02 VBO )
[    0.000000] ACPI: XSDT 0x000000003FFF0030 00003C (v01 VBOX   VBOXXSDT 000000 ASL  00000061)
[    0.000000] ACPI: FACP 0x000000003FFF00F0 0000F4 (v04 VBOX   VBOXFACP 0000001 AL 00000061)
[   0.000000] ACPI: DSDT 0x000000003FFF0470 0021FF (v02 VBOX   VBOXBIOS 00000002 INTL 20100528)
[    0.000000] ACPI: FACS 0x000000003FFF0200 000040
[    0.000000] ACPI: FACS 0x000000003FFF0200 000040
[    0.000000] ACPI: PIC 0x000000003FFF0240 000005C (v02 VBOX   VBOXAPIC 00000001 ASL  00000061)
[    0.000000] ACPI: SSDT 0x000000003FFF02A0 0001CC (v01 VBOX   VBOXCPUT 00000002 INTL 20100528)
[    0.00000] No NUMA configuration found
[    0.000000] Faking a node at [mem0x00000000000000-0x000000003ffeffff]
[    0.000000] NODE_DATA(0) allocated [mem 0x3ffc5000-0x3ffeffff]
[    0.000000] kvm-clock: cpu 0, msr 0:3ff44001, primary cpu clock
[    0.000000] kvm-clock: Using msrs 4b564d01 and 4b564d00
[    0.000000] kvm-clock: using sched offset of 4481720852 cycles
[    0.00000] locksource: kvm-clo: ask: 0ffffffffffffff m_ccles: 0x1d42e4dffb, max_idle_ns: 881905914 n
[    0.000000] Zone ranges:
[    0.000000]   DMA      [mem 0x0000000000001000-0x0000000000ffffff]
[    0.000000]   DMA32    [mem 0x0000000001000000-0x000000003ffeffff]
[    0.000000]   Noormal   empty
[    0.000000]   Device   empty
[    0.000000] Movable zone start for each node
[    0.000000] Early memory node ranges
[    0.000000]   node   0: [mem 0x0000000000001000-0x000000000009efff]
[   0.0000]  node   0: [mem 0x0000000000100000-0x000000003ffeffff]
[    0.000000] Reserved but unavailable: 98 pages
[    0.000000] Initmem setup node 0 [mem 0x0000000000001000-0x000000003ffeffff]
[    0.000000] ACPI: PM-Timer IO Port: 0x4008
[    0.000000] IOAPIC[0]: apic_id 2, version 32, address 0xfec00000, GSI 0-23
[    0.000000] ACPI: INT_SRC_OVR (bus 0 bs_rq 0loal_irq 2 dfl dfl)
[    0.000000] ACPI: INT_SRC_OVR (bs  bs_irq 9 glba_irq 9 low level)
[    0.000000] Using ACPI (MADT) for SMP configuration information
[    0.000000] smpboot: Allwig 2 CPUs0 otplug CP
     0.00000 PM: Registered nosave memory: [mem 0x00000000-0x00000fff]
[    0.000000] PM: Registered nosave memory: [mem 0x0009f000-0x0009ffff]
[    0.000000] PM: Registered nosave memory: [mem 0x000a000-0x000effff
[    0.000000] PM: Registered nosave memory: [mem 0x000f0000-0x000fffff]
[    0.000000] e820: [mem 0x40000000-0xfebfffff] available for PCI devices
[    0.000000] Booting paravirtualized kernel on KVM
[    0.000000] clocksource: refined-jiffies: mask: 0xffffffff max_cycles: 0xffffffff, max_idle_ns: 7645519600211568 ns
[    0.000000] random: get_random_bytes called from start_kernel+0x99/0x4fd with crng_init=0
[    0.000000] setup_percpu: NR_CPUS:8192 nr_cpumask_bits:2 nr_cpu_ids:2 nr_node_ids:1
[    0.000000] percpu: Embedded 46 pages/cpu s151552 r8192 d28672 u1048576
[    0.000000] PV qpinlock hash table entries: 256 (order: 0, 4096 bytes)
[    0.000000] Built 1 zonelists, mobility grouping on.  Total pages: 257913
[    0.000000] Policy zone: DMA32
[    0.000000] Kenel comad ine: BOOT_IMAGE=/boot/vmlinuz-4.15.0-65-genricrooot=LBEL=clodig-root r consolety consoe=ty0
[   .00000] Memory: 982884K/1048120K available(1300K kernel code, 2481K rwdata, 4256K rodata, 2436K init, 2388K bss, 65236K reserved, 0K cmaesrved)
[   .0000]SLUB: HWalin=4,Order=0-3, MinObjects=0, CPUs=2, Nodes=1
[    0.000000] Kernel/User page tables iolatio: naled
[    0.000000] ftrace: allocating 39301 entries in 154 pages
[    0.004000] HierarchicalCU impmetation.
[    0.004000] 	RCU restricting CPUs from NR_CPUS=8192 to nr_cpu_ids=2.
[    0.004000] 	Tasks RCU enabled.
[    0.004000] RCU: Adjusting geometry for rcu_fanout_leaf=16, nr_cpu_ids=2
[    0.004000] NR_IRQS: 524544, nr_irqs: 440, preallocated irqs: 16
[    0.004000] Console: colour VGA+ 80x25
[    0.004000] console [tty1] enabled
[    0.004000] console [ttyS0] enabled
[    0.004000] ACPI: Core revision 20170831
[   0.004000] ACPI: 2 AC AML tabls successfully acquired and loaded
[    0.004000 APIC: Switch to symmetric I/O mode setup
[    0.004463] x2apic enabled
[    0.008008] Switched APIC routing to physical x2apic.
[    0.014291] ..TIMER: vector=0x30 apic1=0 pin1=2 apic2=-1 pin2=-1
[    0.016006] tsc: Detected 1608.000 MHz processor
[    0.020015] Calibrating delay loop (skipped) preset value.. 3216.00 BogoMIPS (lpj=6432000)
[    0.024005] pid_max: default: 32768 minimum: 301
[    0.028087] Security Framework initialized
[    0.032005] Yama: becoming mindful.
[    0.034072] AppArmor: AppArmor initialized
[    0.038739] Dentry cache hash table entries: 131072 (order: 8, 1048576 bytes)
[    0.040067] Inode-cache hash table entries: 65536 (order: 7, 524288 bytes)
[    0.044033] Mount-cache hash table entries: 2048 (order: 2, 16384 bytes)
[    0.048016] Mountpoint-cache hash table entries: 2048 (order: 2, 16384 bytes)
[    0.052246] Last level iTLB entries: 4KB 64, 2MB 8, 4MB 8
[    0.056003] Last level dTLB entries: 4KB 64, 2MB 0, 4MB 0, 1GB 4
[    0.060002] Spectre V1 : Mitigation: usercopy/swapgs barriers and __user pointer sanitization
[    0.064007] Spectre V2 : Mitigation: Full generic retpoline
[    0.068006] Spectre V2 : Spectre v2 / SpectreRSB mitigation: Filling RSB on context switch
[    0.070231] Speculative Store Bypass: Vulnerable
[    0.072045] MDS: Vulnerable: Clear CPU buffers attempted, no microcode
[    0.076160] Freeing SMP alternatives memory: 36K
[    0.188846] smpboot: CPU0: Intel(R) Core(TM) i5-8210Y CPU @ 1.60GHz (family: 0x6, model: 0x8e, stepping: 0x9)
[    0.192090] Performance Events: unsupported p6 CPU model 142 no PMU driver, software events only.
[    0.196067] Hierarchical SRCU implementation.
[    0.200548] NMI watchdog: Perf event create on CPU 0 failed with -2
[    0.204004] NMI watchdog: Perf NMI watchdog permanently disabled
[    0.208083] smp: Bringing up secondary CPUs ...
[    0.212105] x86: Booting SMP configuration:
[    0.213265] .... node  #0, CPUs:      #1
[    0.004000] kvm-clock: cpu 1, msr 0:3ff44041, secondary cpu clock
[    0.220044] smp: Brought up 1 node, 2 CPUs
[    0.224009] smpboot: Max logical packages: 1
[    0.228008] smpboot: Total of 2 processors activated (6432.00 BogoMIPS)
[    0.232160] devtmpfs: initialized
[    0.236062] x86/mm: Memory block size: 128MB
[    0.240141] evm: security.selinux
[    0.244006] evm: security.SMACK64
[    0.248004] evm: security.SMACK64EXEC
[    0.249021] evm: security.SMACK64TRANSMUTE
[    0.252001] evm: security.SMACK64MMAP
[    0.256002] evm: security.apparmor
[    0.260006] evm: security.ima
[    0.264005] evm: security.capability
[    0.268147] clocksource: jiffies: mask: 0xffffffff max_cycles: 0xffffffff, max_idle_ns: 7645041785100000 ns
[    0.272014] futex hash table entries: 512 (order: 3, 32768 bytes)
[    0.280033] pinctrl core: initialized pinctrl subsystem
[    0.288017] RTC time:  8:55:52, date: 10/07/19
[    0.292234] NET: Registered protocol family 16
[    0.296093] audit: initializing netlink subsys (disabled)
[    0.304011] audit: type=2000 audit(1570438553.687:1): state=initialized audit_enabled=0 res=1
[    0.364012] cpuidle: using governor ladder
[    0.368016] cpuidle: using governor menu
[    0.372074] ACPI: bus type PCI registered
[    0.373374] acpiphp: ACPI Hot Plug PCI Controller Driver version: 0.5
[    0.376146] PCI: Using configuration type 1 for base access
[    0.380055] HugeTLB registered 2.00 MiB page size, pre-allocated 0 pages
[    0.384108] ACPI: Added _OSI(Module Device)
[    0.385402] ACPI: Added _OSI(Processor Device)
[    0.386587] ACPI: Added _OSI(3.0 _SCP Extensions)
[    0.388016] ACPI: Added _OSI(Processor Aggregator Device)
[    0.392029] ACPI: Added _OSI(Linux-Dell-Video)
[    0.396011] ACPI: Added _OSI(Linux-Lenovo-NV-HDMI-Audio)
[    0.397814] ACPI: Added _OSI(Linux-HPI-Hybrid-Graphics)
[    0.401071] ACPI: Executed 1 blocks of module-level executable AML code
[    0.417401] ACPI: Interpreter enabled
[    0.419992] ACPI: (supports S0 S5)
[    0.420007] ACPI: Using IOAPIC for interrupt routing
[    0.424626] PCI: Using host bridge windows from ACPI; if necessary, use "pci=nocrs" and report a bug
[    0.428579] ACPI: Enabled 2 GPEs in block 00 to 07
[    0.446935] ACPI: PCI Root Bridge [PCI0] (domain 0000 [bus 00-ff])
[    0.448019] acpi PNP0A03:00: _OSC: OS supports [ASPM ClockPM Segments MSI]
[    0.452058] acpi PNP0A03:00: _OSC: not requesting OS control; OS requires [ExtendedConfig ASPM ClockPM MSI]
[    0.456029] acpi PNP0A03:00: fail to add MMCONFIG information, can't access extended PCI configuration space under this bridge.
[    0.460505] PCI host bridge to bus 0000:00
[    0.464009] pci_bus 0000:00: root bus resource [io  0x0000-0x0cf7 window]
[    0.468009] pci_bus 0000:00: root bus resource [io  0x0d00-0xffff window]
[    0.472012] pci_bus 0000:00: root bus resource [mem 0x000a0000-0x000bffff window]
[    0.476010] pci_bus 0000:00: root bus resource [mem 0x40000000-0xfdffffff window]
[    0.480012] pci_bus 0000:00: root bus resource [bus 00-ff]
[    0.490308] pci 0000:00:01.1: legacy IDE quirk: reg 0x10: [io  0x01f0-0x01f7]
[    0.492010] pci 0000:00:01.1: legacy IDE quirk: reg 0x14: [io  0x03f6]
[    0.496010] pci 0000:00:01.1: legacy IDE quirk: reg 0x18: [io  0x0170-0x0177]
[    0.500010] pci 0000:00:01.1: legacy IDE quirk: reg 0x1c: [io  0x0376]
[    0.527080] pci 0000:00:07.0: quirk: [io  0x4000-0x403f] claimed by PIIX4 ACPI
[    0.528027] pci 0000:00:07.0: quirk: [io  0x4100-0x410f] claimed by PIIX4 SMB
[    0.545330] ACPI: PCI Interrupt Link [LNKA] (IRQs 5 9 10 *11)
[    0.548330] ACPI: PCI Interrupt Link [LNKB] (IRQs 5 9 *10 11)
[    0.552159] ACPI: PCI Interrupt Link [LNKC] (IRQs 5 *9 10 11)
[    0.556206] ACPI: PCI Interrupt Link [LNKD] (IRQs 5 9 10 *11)
[    0.560453] SCSI subsystem initialized
[    0.564093] pci 0000:00:02.0: vgaarb: setting as boot VGA device
[    0.568000] pci 0000:00:02.0: vgaarb: VGA device added: decodes=io+mem,owns=io+mem,locks=none
[    0.568012] pci 0000:00:02.0: vgaarb: bridge control possible
[    0.572005] vgaarb: loaded
[    0.576054] ACPI: bus type USB registered
[    0.580040] usbcore: registered new interface driver usbfs
[    0.584034] usbcore: registered new interface driver hub
[    0.588046] usbcore: registered new device driver usb
[    0.592074] EDAC MC: Ver: 3.0.0
[    0.596370] PCI: Using ACPI for IRQ routing
[    0.600365] NetLabel: Initializing
[    0.604004] NetLabel:  domain hash size = 128
[    0.608006] NetLabel:  protocols = UNLABELED CIPSOv4 CALIPSO
[    0.612031] NetLabel:  unlabeled traffic allowed by default
[    0.616112] clocksource: Switched to clocksource kvm-clock
[    0.6879]VFS: Disk quotas dquot_6.6.0
[    0.7130] VFS: Dquot-cache hash table entries: 512 (order 0, 4096 byt)
[   04584] ApArmor:ppArmor Filesystem Enabled
[    1.005083] pnp: PnP AI ni
[   .095753] pnp: PnPACPI: fond3 evices

[  1.0024] clocsorc: cp_pm: mask: 0xffffff max_cycles: 0xffffff, max_idle_ns: 2085701024 ns
[   1.0669] NET: Registered protocol family 2

[    1.369]TC etalihe hsh tabl etries: 8192 (order: 4, 65536 bytes)

[    1.845399] TCP bind hash table entries: 8192 (order: 5, 131072 bytes)
[    1.861009] TCP:Hash tables configured (establish 8192 bind 8192)
[    1.968023] UDP hshtable entries: 512 (order: 2, 16384 bytes)
[  2.1854] UDP-Le as tbl etres 52 orer: 2, 1638byes
    2.482148] NET: Registered protocol family 1
[    2.505336] pci 0000:00:00.0: Limiting direct PCI/PCI transfers
[    2.507003] pci 000:00:00:Acivting ISA DMA an worarunds[   .7750] pc 0000002.0: Video device with shadowed ROM at [mem 0x000c0000-0x000dffff]
[   2.964223] Unpacking initramfs...

[    3.328057] Freeing initrd memory: 19696K
[    3.379437] clocksource: tsc: mask: 0xffffffffffffffff max_cycles: 0x172daa3a18b, max_idle_ns: 440795212390 ns
[    3.393693] platform rtc_cmos: registered platform RTC device (no PNP device found)
[    3.419566] Scanning for low memory corruption every 60 seconds
[    3.422373] Initialise system trusted keyrings
[    3.436946] Key type blacklist registered
[    3.446836] workingset: timestamp_bits=36 max_order=18 bucket_order=0
[    3.455645] zbud: loaded
[    3.465168] squashfs: version 4.0 (2009/01/31) Phillip Lougher
[    3.475815] fuse init (API version 7.26)
[    3.503762] Key type asymmetric registered
[    3.511091] Asymmetric key parser 'x509' registered
[    3.541477] Block layer SCSI generic (bsg) driver version 0.4 loaded (major 246)
[    3.585641] io scheduler noop registered
[    3.604893] io scheduler deadline registered
[    3.606228] io scheduler cfq registered (default)
[    3.608350] ACPI: AC Adapter [AC] (off-line)
[    3.649128] input: Power Button as /devices/LNXSYSTM:00/LNXPWRBN:00/input/input0
[    3.734867] ACPI: Power Button [PWRF]
[    3.751008] input: Sleep Button as /devices/LNXSYSTM:00/LNXSLPBN:00/input/input1
[    3.775798] ACPI: Sleep Button [SLPF]
[    3.778793] ACPI: Battery Slot [BAT0] (battery present)
[    3.853450] Serial: 8250/16550 driver, 32 ports, I sring enabd
[    4.0591] 00:02: ttyS0 at I/O 0x3f8 (irq = 4, base_baud = 115200) is a 16550A
[    4.126522] Linux agpgart interface v0.103
[    4.136133] loop: module loaded
[    4.139881] scsi host0: ata_piix
[    4.142371] scsi host1: ata_piix
[    4.144554] ata1: PATA max UDMA/33 cmd 0x1f0 ctl 0x3f6 bmdma 0xd000 irq 14
[    4.148613] ata2: PATA max UDMA/33 cmd 0x170 ctl 0x376 bmdma 0xd008 irq 15
[    4.154341] libphy: Fixed MDIO Bus: probed
[    462006] tun: Universal TUN/TAP devce divr, 1.6
[    4.313687] PPP generic driver version 2.4.2
[    4.336698] ehci_hcd: USB 2.0 'Enhanced' Host Controller (EHCI) Driver
[    4.385073] ehci-pci: EHCI PCI platform driver
[    4.386665] ehci-platform: EHCI generic platform driver
[    4.436999] ohci_hcd: USB 1.1 'Open' Host Controller (OHCI) Driver
[    4.484826] ohci-pci: OHCI PCI platform driver
[    4.489289] ohci-platform: OHCI generic platform driver
[    4.508279] uhci_hcd: USB Universal Host Controller Interface driver
[    4.561801] i8042: PNP: PS/2 Controller [PNP0303:PS2K,PNP0f03:PS2M] at 0x60,0x64 irq 1,12
[    4.564798] serio: i8042 KBD port at 0x60,0x64 irq 1
[    4.602366] serio: i8042 AUX port at 0x60,0x64 irq 12
[    4.619527] mousedev: PS/2 mouse device common for all mice
[    4.628992] rtc_cmos rtc_cmos: rtc core: registered rtc_cmos as rtc0
[    4.684476] rtc_cmos rtc_cmos: alarms up to one day, 114 bytes nvram
[    4.705434] i2c /dev entries driver
[    4.706698] input: AT Translated Set 2 keyboard as /devices/platform/i8042/serio0/input/input2
[    4.708263] device-mapper: uevent: version 1.0.3
[    4.711609] device-mapper: ioctl: 4.37.0-ioctl (2017-09-20) initialised: dm-devel@redhat.com
[    4.785422] ledtrig-cpu: registered to indicate activity on CPUs
[    4.846145] NET: Registered protocol family 10
[    4.928743] Segment Routing with IPv6
[    4.974347] NET: Registered protocol family 17
[    5.020730] Key type dns_resolver registered
[    5.057480] mce: Using 0 MCE banks
[    5.084743] RAS: Correctable Errors collector initialized.
[    5.099938] sched_clock: Marking stable (5099883883, 0)->(11215489225, -6115605342)
[    5.103262] registered taskstats version 1
[    5.124627] Loading compiled-in X.509 certificates
[    5.161112] Loaded X.509 cert 'Build time autogenerated kernel key: 3a65b6a3c8b5d6b297d77c25be9161529933bc49'
[    5.192238] zswap: loaded using pool lzo/zbud
[    5.199173] Key type big_key registered
[    5.214802] Key type trusted registered
[    5.219156] Key type encrypted registered
[    5.220588] AppArmor: AppArmor sha1 policy hashing enabled
[    5.223086] ima: No TPM chip found, activating TPM-bypass! (rc=-19)
[    5.226115] ima: Allocated hash algorithm: sha1
[    5.228615] evm: HMAC attrs: 0x1
[    5.230881]   Magic number: 7:288:927
[    5.232994] rtc_cmos rtc_cmos: setting system clock to 2019-10-07 08:55:58 UTC (1570438558)
[    5.242923] BIOS EDD facility v0.16 2004-Jun-25, 0 devices found
[    5.247618] EDD information not available.
[    5.262468] Freeing unused kernel image memory: 2436K
[    5.280323] Write protecting the kernel read-only data: 20480k
[    5.293880] Freeing unused kernel image memory: 2008K
[    5.296242] Freeing unused kernel image memory: 1888K
[    5.309371] x86/mm: Checked W+X mappings: passed, no W+X pages found.
[    5.311669] x86/mm: Checking user space page tables
[    5.333173] x86/mm: Checked W+X mappings: passed, no W+X pages found.
Loading, please wait...
starting version 237
[    5.474978] Fusion MPT base driver 3.04.20
[    5.480131] Copyright (c) 1999-2008 LSI Corporation
[    5.486897] e1000: Intel(R) PRO/1000 Network Driver - version 7.3.21-k8-NAPI
[    5.501439] e1000: Copyright (c) 1999-2006 Intel Corporation.
[    5.546077] AVX2 version of gcm_enc/dec engaged.
[    5.547667] AES CTR mode by8 optimization enabled
[    5.555027] Fusion MPT SPI Host driver 3.04.20
[    5.584933] vboxvideo: loading out-of-tree module taints kernel.
[    5.587916] vboxvideo: module verification failed: signature and/or required key missing - tainting kernel
[    5.739308] input: ImExPS/2 Generic Explorer Mouse as /devices/platform/i8042/serio1/input/input4
[    5.957904] e1000 0000:00:03.0 eth0: (PCI:33MHz:32-bit) 02:82:7a:7b:51:94
[    5.968488] e1000 0000:00:03.0 eth0: Intel(R) PRO/1000 Network Connection
[    5.971842] mptbase: ioc0: Initiating bringup
[    6.081610] ioc0: LSI53C1030 A0: Capabilities={Initiator}
[    6.338421] scsi host2: ioc0: LSI53C1030 A0, FwRev=00000000h, Ports=1, MaxQ=256, IRQ=20
[    6.513534] scsi 2:0:0:0: Direct-Access     VBOX     HARDDISK         1.0  PQ: 0 ANSI: 5
[    6.590039] [drm] VRAM 01000000
[    6.607039] [TTM] Zone  kernel: Available graphics memory: 504474 kiB
[    6.681878] [TTM] Initializing pool allocator
[    6.730093] [TTM] Initializing DMA pool allocator
[    6.811491] fbcon: vboxdrmfb (fb0) is primary device
[    6.816898] Console: switching to colour frame buffer device 100x37
[    6.906932] vboxvideo 0000:00:02.0: fb0: vboxdrmfb frame buffer device
[    6.932452] scsi target2:0:0: Beginning Domain Validation
[    6.971852] scsi target2:0:0: Domain Validation skipping write tests
[    6.973177] scsi target2:0:0: Ending Domain Validation
[    6.974319] scsi target2:0:0: asynchronous
[    7.022799] scsi 2:0:1:0: Direct-Access     VBOX     HARDDISK         1.0  PQ: 0 ANSI: 5
[    7.049191] [drm] Initialized vboxvideo 1.0.0 20130823 for 0000:00:02.0 on minor 0
[    7.088545] scsi target2:0:1: Beginning Domain Validation
[    7.091726] random: fast init done
[    7.112616] scsi target2:0:1: Domain Validation skipping write tests
[    7.114335] scsi target2:0:1: Ending Domain Validation
[    7.115615] scsi target2:0:1: asynchronous
[    7.121809] random: systemd-udevd: uninitialized urandom read (16 bytes read)
[    7.123621] random: systemd-udevd: uninitialized urandom read (16 bytes read)
[    7.125340] random: systemd-udevd: uninitialized urandom read (16 bytes read)
[    7.127324] sd 2:0:0:0: Attached scsi generic sg0 type 0
[    7.137024] sd 2:0:0:0: [sda] 20971520 512-byte logical blocks: (10.7 GB/10.0 GiB)
[    7.158381] sd 2:0:1:0: Attached scsi generic sg1 type 0
[    7.168727] sd 2:0:0:0: [sda] Write Protect is off
[    7.186481] sd 2:0:0:0: [sda] Incomplete mode parameter data
[    7.188463] sd 2:0:0:0: [sda] Assuming drive cache: write through
[    7.189975] sd 2:0:1:0: [sdb] 20480 512-byte logical blocks: (10.5 MB/10.0 MiB)
[    7.191794] sd 2:0:1:0: [sdb] Write Protect is off
[    7.193496] sd 2:0:1:0: [sdb] Incomplete mode parameter data
[    7.194963] sd 2:0:1:0: [sdb] Assuming drive cache: write through
[    7.198034]  sda: sda1
[    7.199623] sd 2:0:0:0: [sda] Attached SCSI disk
[    7.206934] sd 2:0:1:0: [sdb] Attached SCSI disk
[    7.505778] e1000 0000:00:08.0 eth1: (PCI:33MHz:32-bit) 08:00:27:cf:2f:b9
[    7.509282] e1000 0000:00:08.0 eth1: Intel(R) PRO/1000 Network Connection
[    7.516116] e1000 0000:00:08.0 enp0s8: renamed from eth1
[    7.569297] e1000 0000:00:03.0 enp0s3: renamed from eth0
Begin: Loading essential drivers ... [    7.760264] raid6: sse2x1   gen() 11395 MB/s
[    7.828581] raid6: sse2x1   xor()  8583 MB/s
[    7.896018] raid6: sse2x2   gen() 13311 MB/s
[    7.984161] raid6: sse2x2   xor()  9857 MB/s
[    8.052196] raid6: sse2x4   gen() 15954 MB/s
[    8.112271] raid6: sse2x4   xor() 10138 MB/s
[    8.184265] raid6: avx2x1   gen() 23778 MB/s
[    8.280259] raid6: avx2x1   xor() 16356 MB/s
[    8.344320] raid6: avx2x2   gen() 27510 MB/s
[    8.416221] raid6: avx2x2   xor() 17769 MB/s
[    8.492238] raid6: avx2x4   gen() 31495 MB/s
[    8.556263] raid6: avx2x4   xor() 17535 MB/s
[    8.557487] raid6: using algorithm avx2x4 gen() 31495 MB/s
[    8.559493] raid6: .... xor() 17535 MB/s, rmw enabled
[    8.566066] raid6: using avx2x2 recovery algorithm
[    8.577219] xor: automatically using best checksumming function   avx       
[    8.590193] async_tx: api initialized (async)
done.
Begin: Running /scripts/init-premount ... done.
Begin: Mounting root file system ... Begin: Running /scripts/local-top ... done.
Begin: Running /scripts/local-premount ... [    8.671122] Btrfs loaded, crc32c=crc32c-intel
Scanning for Btrfs filesystems
done.
Warning: fsck no[    8.721947] EXT4-fs (sda1): mounted filesystem with ordered data mode. Opts: (null)
t present, so skipping root file system
done.
Begin: Running /scripts/local-bottom ... done.
Begin: Running /scripts/init-bottom ... done.
[    9.025535] ip_tables: (C) 2000-2006 Netfilter Core Team
[    9.048764] systemd[1]: systemd 237 running in system mode. (+PAM +AUDIT +SELINUX +IMA +APPARMOR +SMACK +SYSVINIT +UTMP +LIBCRYPTSETUP +GCRYPT +GNUTLS +ACL +XZ +LZ4 +SECCOMP +BLKID +ELFUTILS +KMOD -IDN2 +IDN -PCRE2 default-hierarchy=hybrid)
[   10.432200] systemd[1]: Detected virtualization oracle.
[   10.433694] systemd[1]: Detected architecture x86-64.

Welcome to [1mUbuntu 18.04.3 LTS[0m!

[   10.486630] systemd[1]: Set hostname to <ubuntu-bionic>.
[   11.167055] systemd[1]: Reached target Swap.
[[0;32m  OK  [0m] Reached target Swap.
[   11.193077] systemd[1]: Created slice User and Session Slice.
[[0;32m  OK  [0m] Created slice User and Session Slice.
[   11.493954] systemd[1]: Reached target User and Group Name Lookups.
[[0;32m  OK  [0m] Reached target User and Group Name Lookups.
[   11.965058] systemd[1]: Set up automount Arbitrary Executable File Formats File System Automount Point.
[[0;32m  OK  [0m] Set up automount Arbitrary Executabâ€¦rmats File System Automount Point.
[   12.018913] systemd[1]: Started Forward Password Requests to Wall Directory Watch.
[[0;32m  OK  [0m] Started Forward Password Requests to Wall Directory Watch.
[   12.344214] systemd[1]: Reached target System Time Synchronized.
[[0;32m  OK  [0m] Reached target System Time Synchronized.
[[0;32m  OK  [0m] Created slice System Slice.
[[0;32m  OK  [0m] Listening on /dev/initctl Compatibility Named Pipe.
[[0;32m  OK  [0m] Listening on LVM2 poll daemon socket.
[[0;32m  OK  [0m] Listening on udev Control Socket.
[[0;32m  OK  [0m] Listening on Device-mapper event daemon FIFOs.
[[0;32m  OK  [0m] Reached target Slices.
[[0;32m  OK  [0m] Created slice system-serial\x2dgetty.slice.
[[0;32m  OK  [0m] Listening on Journal Socket (/dev/log).
[[0;32m  OK  [0m] Listening on Journal Audit Socket.
[[0;32m  OK  [0m] Listening on Network Service Netlink Socket.
[[0;32m  OK  [0m] Listening on Journal Socket.
         Starting Set the console keyboard layout...
         Starting Uncomplicated firewall...
         Mounting POSIX Message Queue File System...
         Starting Create list of required stâ€¦ce nodes for the current kernel...
         Starting Remount Root and Kernel File Systems...
         Mounting Kernel Debug File System...
         Mounting Huge Pages File System...
         Starting Load Kernel Modules...
[[0;32m  OK  [0m] Listening on ude[   12.896627] Loading iSCSI transport class v2.0-870.
v Kernel Socket.
         Starting udev Coldplug all Devices...
[[0;32m  OK  [0m] Listening on LVM2 metadata daemon socket.
         Starting Monitoring of LVM2 mirrorsâ€¦ng dmeventd or progress polling...[   12.913377] EXT4-fs (sda1): re-mounted. Opts: (null)

[[0;32m  OK  [0m] Listening on Syslog Socket.
         Starting Journal Service...
[[0;32m  OK  [0m] Started Set the console keyboard layout.
[[0;32m  OK  [0m] Started Uncomplicated firewall.
[[0;32m  OK  [0m] Mounted POSIX Message Queue File System.
[[0;32m  OK  [0m] Started Create list of required staâ€¦vice nodes for the current kernel.
[   12.937996] iscsi: registered transport (tcp)
[[0;32m  OK  [0m] Started Remount Root and Kernel File Systems.
[[0;32m  OK  [0m] Mounted Kernel Debug File System.
[[0;32m  OK  [0m] Mounted Huge Pages File System.
         Starting Load/Save Random Seed...
         Starting Create Static Device Nodes in /dev...
[[0;32m  OK  [0m] Started LVM2 metadata daemon.
[[0;32m  OK  [0m] Started Journal Service.
         Starting Flush Journal to Persistent Storage...
[[0;32m  OK  [0m] Started udev Coldplug all Devices.
[[0;32m  OK  [0m] Started Create Static Device Nodes in /dev.
         Starting udev Kernel Device Manager...
[   13.071997] systemd-journald[401]: Received request to flush runtime journal from PID 1
[   13.122151] iscsi: registered transport (iser)
[[0;32m  OK  [0m] Started Load/Save Random Seed.
[[0;32m  OK  [0m] Started Load Kernel Modules.[   13.164323] random: crng init done

[   13.169503] random: 7 urandom warning(s) missed due to ratelimiting
[[0;32m  OK  [0m] Started Monitoring of LVM2 mirrors,â€¦sing dmeventd or progress polling.
[[0;32m  OK  [0m] Started udev Kernel Device Manager.
[[0;32m  OK  [0m] Started Dispatch Password Requests to Console Directory Watch.
[[0;32m  OK  [0m] Reached target Local Encrypted Volumes.
[[0;32m  OK  [0m] Reached target Local File Systems (Pre).
[[0;32m  OK  [0m] Reached target Local File Systems.
         Starting ebtables ruleset management...
         Starting AppArmor initialization...
         Starting Set console font and keymap...
         Starting Tell Plymouth To Write Out Runtime Data...
         Starting Apply Kernel Variables...
         Mounting Kernel Configuration File System...
         Mounting FUSE Control File System...
[[0;32m  OK  [0m] Started Flush Journal to Persistent Storage.
[[0;32m  OK  [0m] Mounted Kernel Configuration File System.
[[0;32m  OK  [0m] Mounted FUSE Control File System.
         Starting Create Volatile Files and Directories...
[[0;32m  OK  [0m] Started Set console font and keymap.
[[0;32m  OK  [0m] Started Tell Plymouth To Write Out Runtime Data.
[[0;32m  OK  [0m] Started Apply Kernel Variables.
[[0;32m  OK  [0m] Started Create Volatile Files and Directories.
         Starting Update UTMP about System Boot/Shutdown...
[[0;32m  OK  [0m] Started Update UTMP about System Boot/Shutdown.
[[0;32m  OK  [0m] Started ebtables ruleset management.
[[0;32m  OK  [0m] Found device /dev/ttyS0.
[[0;32m  OK  [0m] Listening on Load/Save RF Kill Switch Status /dev/rfkill Watch.
[[0;32m  OK  [0m] Started AppArmor initialization.
         Starting Initial cloud-init job (pre-networking)...
[   15.617300] cloud-init[528]: Cloud-init v. 19.2-36-g059d049c-0ubuntu1~18.04.1 running 'init-local' at Mon, 07 Oct 2019 08:56:08 +0000. Up 15.31 seconds.
[[0;32m  OK  [0m] Started Initial cloud-init job (pre-networking).
[[0;32m  OK  [0m] Reached target Network (Pre).
         Starting Network Service...
[[0;32m  OK  [0m] Started Network Service.
         Starting Wait for Network to be Configured...
         Starting Network Name Resolution...
[[0;32m  OK  [0m] Started Network Name Resolution.
[[0;32m  OK  [0m] Reached target Network.
[[0;32m  OK  [0m] Reached target Host and Network Name Lookups.
[[0;32m  OK  [0m] Started Wait for Network to be Configured.
         Starting Initial cloud-init job (metadata service crawler)...
[   17.519960] cloud-init[703]: Cloud-init v. 19.2-36-g059d049c-0ubuntu1~18.04.1 running 'init' at Mon, 07 Oct 2019 08:56:10 +0000. Up 17.36 seconds.
[   17.532652] cloud-init[703]: ci-info: ++++++++++++++++++++++++++++++++++++++Net device info+++++++++++++++++++++++++++++++++++++++
[   17.577104] cloud-init[703]: ci-info: +--------+------+-----------------------------+---------------+--------+-------------------+
[   17.609239] cloud-init[703]: ci-info: | Device |  Up  |           Address           |      Mask     | Scope  |     Hw-Address    |
[   17.657398] cloud-init[703]: ci-info: +--------+------+-----------------------------+---------------+--------+-------------------+
[   17.720561] cloud-init[703]: ci-info: | enp0s3 | True |          10.0.2.15          | 255.255.255.0 | global | 02:82:7a:7b:51:94 |
[   17.763511] cloud-init[703]: ci-info: | enp0s3 | True |  fe80::82:7aff:fe7b:5194/64 |       .       |  link  | 02:82:7a:7b:51:94 |
[   17.781874] cloud-init[703]: ci-info: | enp0s8 | True |        192.168.33.10        | 255.255.255.0 | global | 08:00:27:cf:2f:b9 |
[   17.800311] cloud-init[703]: ci-info: | enp0s8 | True | fe80::a00:27ff:fecf:2fb9/64 |       .       |  link  | 08:00:27:cf:2f:b9 |
[   17.846594] cloud-init[703]: ci-info: |   lo   | True |          127.0.0.1          |   255.0.0.0   |  host  |         .         |
[[0;32m  OK  [0m] Started Initial cloud-init job (metadata service crawler).
[   17.909530] [cloud-init[0;32m  OK  [0m[703]: ] ci-info: |   lo   | True |           ::1/128           |       .       |  host  |         .         |Reached target Cloud-config availability.

[[0;32m  OK  [0m] Reached target Network is Online.
[   18.038075] cloud-init[703]: ci-info: +--------+------+-----------------------------+---------------+--------+-------------------+
[[0;32m  OK  [0m] Reached target Remote File Systems (Pre).
[[0;32m  OK  [0m] Reached target Remote File Systems.
         Starting Availability of block devices...
[[0;32m  OK  [0m] Reached target System Initialization.
[   18.121283] cloud-init[703]: ci-info: +++++++++++++++++++++++++++++Route IPv4 info+++++++++++++++++++++++++++++
[[0;32m  OK  [0m] Listening on D-Bus System Message Bus Socket.
[   18.207459] cloud-init[703]: ci-info: +-------+--------------+----------+-----------------+-----------+-------+
[   18.305713] cloud-init[703]: ci-info: | Route | Destination  | Gateway  |     Genmask     | Interface | Flags |
[[0;32m  OK  [0m] Started ACPI Events Check.
[[0;32m  OK  [0m] Listening on Open-iSCSI iscsid Socket.
[   18.371841] cloud-init[703]: ci-info: +-------+--------------+----------+-----------------+-----------+-------+
[[0;32m  OK  [0m] Started Message of the Day.
[[0;32m  OK  [0m] Listening on UUID daemon activation socket.
         Starting Socket activation for snappy daemon.
[   18.478928] cloud-init[703]:          Starting LXD - unix socket.
[[0;32m  OK  [0m] Listening on ACPID Listen Socket.
[[0;32m  OK  [0m] Reached target Paths.
[[0;32m  OK  [0m] Started Discard unused blocks once a week.
[[0;32m  OK  [0m] Started Daily Cleanup of Temporary Directories.
[[0;32m  OK  [0m] Started Daily apt download activities.
[[0;32m  OK  [0m] Started Daily apt upgrade and clean activities.
[[0;32m  OK  [0m] Reached target Timers.
[[0;32m  OK  [0m] Started Availability of block devices.
[[0;32m  OK  [0m] Listening on Socket activation for snappy daemon.
[[0;32m  OK  [0m] Listening on LXD - unix socket.
[[0;32m  OK  [0m] Reached target Sockets.
[[0;32m  OK  [0m] Reached target Basic System.
ci-info: |   0   |   0.0.0.0    | 10.0.2.2 |     0.0.0.0     |   enp0s3  |   UG  |
[[0;32m  OK  [0m] Started irqbalance daemon.
[   18.757473] cloud-init[703]: ci-info: |   1   |   10.0.2.0   | 0.0.0.0  |  255.255.255.0  |   enp0s3  |   U   |
[[0;32m  OK  [0m] Started D-Bus System Message Bus.
[   18.805762] cloud-init[703]: ci-info: |   2   |   10.0.2.2   | 0.0.0.0  | 255.255.255.255 |   enp0s3  |   UH  |
         Starting Login Service...
[   18.857938] cloud-init[703]: ci-info: |   3   | 192.168.33.0 | 0.0.0.0  |  255.255.255.0  |   enp0s8  |   U   |
[[0;32m  OK  [0m] Started Regular background program processing daemon.
         Starting LXD - container startup/shutdown...
         Starting Accounts Service...
[   18.928002] cloud-init[703]: ci-info: +-------+--------------+----------+-----------------+-----------+-------+
[   18.932779] cloud-init[703]: ci-info: +++++++++++++++++++Route IPv6 info+++++++++++++++++++
[   19.000588] cloud-init[703]: ci-info: +-------+-------------+---------+-----------+-------+
[   19.013339] cloud-init[703]: ci-info: | Route | Destination | Gateway | Interface | Flags |
[   19.032427] cloud-init[703]: ci-info: +-------+-------------+---------+-----------+-------+
         Starting Permit User Sessions...
[   19.047045] cloud-init[703]: [[0;32m  OK  [0m] Started Deferred execution scheduler.
ci-info: |   1   |  fe80::/64  |    ::   |   enp0s8  |   U   |
[   19.056126] cloud-init[703]: ci-info: |   2   |  fe80::/64  |    ::   |   enp0s3  |   U   |
[   19.059652] cloud-init[703]: ci-info: |   4   |    local    |    ::   |   enp0s3  |   U   |
[   19.070744] cloud-init[703]: ci-info: |   5   |    local    |    ::   |   enp0s8  |   U   |
[   19.084439] cloud-init[703]: ci-info: |   6   |   ff00::/8  |    ::   |   enp0s8  |   U   |
         Starting Dispatcher daemon for systemd-networkd...
[   19.109320] cloud-init[703]: ci-info: |   7   |   ff00::/8  |    ::   |   enp0s3  |   U   |
[   19.114153] cloud-init[703]: ci-info: +-------+-------------+---------+-----------+-------+
         Starting LSB: Record successful boot for GRUB...
[[0;32m  OK  [0m] Started FUSE filesystem for LXC.
         Starting LSB: automatic crash report generation...
         Starting Snappy daemon...
         Starting System Logging Service...
         Starting OpenBSD Secure Shell server...
         Starting vboxadd.service...
[[0;32m  OK  [0m] Started LXD - container startup/shutdown.
[[0;32m  OK  [0m] Started System Logging Service.
[[0;32m  OK  [0m] Started Permit User Sessions.
[[0;32m  OK  [0m] Started Login Service.
[[0;32m  OK  [0m] Started OpenBSD Secure Shell server.
         Starting Authorization Manager...
[[0;32m  OK  [0m] Started Unattended Upgrades Shutdown.
         Starting Hold until boot process finishes up...
         Starting Terminate Plymouth Boot Screen...
[[0;32m  OK  [0m] Started Hold until boot process finishes up.
[[0;32m  OK  [0m] Started Terminate Plymouth Boot Screen.
[[0;32m  OK  [0m] Started LSB: Record successful boot for GRUB.
[[0;32m  OK  [0m] Started LSB: automatic crash report generation.
[[0;32m  OK  [0m] Started Serial Getty on ttyS0.
         Starting Set console scheme...
[[0;32m  OK  [0m] Started Set console scheme.
[[0;32m  OK  [0m] Created slice system-getty.slice.
[[0;32m  OK  [0m] Started Getty on tty1.
[[0;32m  OK  [0m] Reached target Login Prompts.
[[0;32m  OK  [0m] Started Authorization Manager.
[[0;32m  OK  [0m] Started Accounts Service.
[[0;32m  OK  [0m] Started Dispatcher daemon for systemd-networkd.
[[0;32m  OK  [0m] Started Snappy daemon.
         Starting Wait until snapd is fully seeded...
[[0;32m  OK  [0m] Started Wait until snapd is fully seeded.
         Starting Apply the settings specified in cloud-config...
[[0;32m  OK  [0m] Started vboxadd.service.
         Starting vboxadd-service.service...
[[0;32m  OK  [0m] Started vboxadd-service.service.
[[0;32m  OK  [0m] Reached target Multi-User System.
[[0;32m  OK  [0m] Reached target Graphical Interface.
         Starting Update UTMP about System Runlevel Changes...
[[0;32m  OK  [0m] Started Update UTMP about System Runlevel Changes.
[   20.916486] cloud-init[1124]: Cloud-init v. 19.2-36-g059d049c-0ubuntu1~18.04.1 running 'modules:config' at Mon, 07 Oct 2019 08:56:13 +0000. Up 20.68 seconds.
[[0;32m  OK  [0m] Created slice User Slice of vagrant.
[[0;32m  OK  [0m] Started Apply the settings specified in cloud-config.
         Starting User Manager for UID 1000...
         Starting Execute cloud user/final scripts...
[[0;32m  OK  [0m] Started Session 1 of user vagrant.
[[0;32m  OK  [0m] Started User Manager for UID 1000.
[   21.879035] cloud-init[1277]: Cloud-init v. 19.2-36-g059d049c-0ubuntu1~18.04.1 running 'modules:final' at Mon, 07 Oct 2019 08:56:14 +0000. Up 21.70 seconds.
[   21.892060] cloud-init[1277]: Cloud-init v. 19.2-36-g059d049c-0ubuntu1~18.04.1 finished at Mon, 07 Oct 2019 08:56:15 +0000. Datasource DataSourceNoCloud [seed=/dev/sdb][dsmode=net].  Up 21.87 seconds
[[0;32m  OK  [0m] Started Execute cloud user/final scripts.
[[0;32m  OK  [0m] Reached target Cloud-init target.

Ubuntu 18.04.3 LTS ubuntu-bionic ttyS0

ubuntu-bionic login:          Stopping Availability of block devices...
         Stopping User Manager for UID 1000...
[[0;32m  OK  [0m] Stopped target Graphical Interface.
         Stopping Authorization Manager...
[[0;2         Stopping LXD - container startup/shutdown...
         Stopping FUSE filesystem for LXC...
         Stopping LSB: Record successful boot for GRUB...
         Stopping D-Bus System Message Bus...
         Stopping Unattended Upgrades Shutdown...
         Stopping Regular background program processing daemon...
         Stopping Deferred execution scheduler...
         Stopping irqbalance daemon...
         Stopping Session 5 of user vagrant.
[[0;32m  OK  [0m] Stopped Apply the settings specified in cloud-config.
[[0;32m  OK  [0m] Stopped target Cloud-config availability.
[[0;32m  OK  [0m] Stopped target Network is Online.
[[0;32m  OK  [0m] Stopped target Host and Network Name Lookups.
[[0;32m  OK  [0m] Stopped Discard unused blocks once a week.
         Stopping OpenBSD Secure Shell server...
[[0;32m  OK  [0m] Stopped Message of the Day.
[[0;32m  OK  [0m] Stopped target System Time Synchronized.
         Stopping Dispatcher daemon for systemd-networkd...
[[0;32m  OK  [0m] Stopped Wait until snapd is fully seeded.
[[0;32m  OK  [0m] Unmounted /var/lib/lxcfs.
[[0;32m  OK  [0m] Stopped irqbalance daemon.
[[0;32m  OK  [0m] Stopped Regular background program processing daemon.
[[0;32m  OK  [0m] Stopped Accounts Service.
[[0;32m  OK  [0m] Stopped Deferred execution scheduler.
[[0;32m  OK  [0m] Stopped Dispatcher daemon for systemd-networkd.
[[0;32m  OK  [0m] Stopped System Logging Service.
[[0;32m  OK  [0m] Stopped OpenBSD Secure Shell server.
[[0;32m  OK  [0m] Stopped Authorization Manager.
[[0;32m  OK  [0m] Stopped Unattended Upgrades Shutdown.
[[0;32m  OK  [0m] Stopped Serial Getty on ttyS0.
[[0;32m  OK  [0m] Stopped Getty on tty1.
[[0;32m  OK  [0m] Stopped User Manager for UID 1000.
[[0;32m  OK  [0m] Stopped Availability of block devices.
[[0;32m  OK  [0m] Stopped D-Bus System Message Bus.
[[0;32m  OK  [0m] Stopped FUSE filesystem for LXC.
[[0;32m  OK  [0m] Stopped Session 5 of user vagrant.
[[0;32m  OK  [0m] Removed slice User Slice of vagrant.
[[0;32m  OK  [0m] Removed slice system-getty.slice.
         Stopping Permit User Sessions...
[[0;32m  OK  [0m] Removed slice system-serial\x2dgetty.slice.
         Stopping Login Service...
[[0;32m  OK  [0m] Stopped LSB: automatic crash report generation.
[[0;32m  OK  [0m] Stopped LXD - container startup/shutdown.
[[0;32m  OK  [0m] Stopped Permit User Sessions.
[[0;32m  OK  [0m] Stopped target Network.
         Stopping Network Name Resolution...
[[0;32m  OK  [0m] Stopped target Remote File Systems.
[[0;32m  OK  [0m] Stopped target Remote File Systems (Pre).
[[0;32m  OK  [0m] Stopped LSB: Record successful boot for GRUB.
[[0;32m  OK  [0m] Stopped Network Name Resolution.
         Stopping Network Service...
[[0;32m  OK  [0m] Stopped vboxadd-service.service.
         Stopping vboxadd.service...
[[0;32m  OK  [0m] Stopped Login Service.
[[0;32m  OK  [0m] Stopped Network Service.
[[0;32m  OK  [0m] Stopped target Network (Pre).
[[0;32m  OK  [0m] Stopped target User and Group Name Lookups.
[[0;32m  OK  [0m] Unmounted /vagrant.
[[0;32m  OK  [0m] Stopped vboxadd.service.
[[0;32m  OK  [0m] Stopped target Basic System.
[[0;32m  OK  [0m] Stopped target Slices.
[[0;32m  OK  [0m] Removed slice User and Session Slice.
[[0;32m  OK  [0m] Stopped target Paths.
[[0;32m  OK  [0m] Stopped ACPI Events Check.
[[0;32m  OK  [0m] Stopped target Sockets.
[[0;32m  OK  [0m] Closed Open-iSCSI iscsid Socket.
[[0;32m  OK  [0m] Closed UUID daemon activation socket.
[[0;32m  OK  [0m] Closed LXD - unix socket.
[[0;32m  OK  [0m] Closed Syslog Socket.
[[0;32m  OK  [0m] Closed Socket activation for snappy daemon.
[[0;32m  OK  [0m] Closed D-Bus System Message Bus Socket.
[[0;32m  OK  [0m] Closed ACPID Listen Socket.
[[0;32m  OK  [0m] Stopped target System Initialization.
         Stopping Update UTMP about System Boot/Shutdown...
[[0;32m  OK  [0m] Stopped Initial cloud-init job (metadata service crawler).
[[0;32m  OK  [0m] Stopped Apply Kernel Variables.
[[0;32m  OK  [0m] Stopped Load Kernel Modules.
[[0;32m  OK  [0m] Stopped target Local Encrypted Volumes.
[[0;32m  OK  [0m] Stopped Dispatch Password Requests to Console Directory Watch.
[[0;32m  OK  [0m] Stopped Forward Password Requests to Wall Directory Watch.
[[0;32m  OK  [0m] Stopped Initial cloud-init job (pre-networking).
         Stopping Load/Save Random Seed...
[[0;32m  OK  [0m] Stopped Update UTMP about System Boot/Shutdown.
[[0;32m  OK  [0m] Stopped Load/Save Random Seed.
[[0;32m  OK  [0m] Stopped Create Volatile Files and Directories.
[[0;32m  OK  [0m] Stopped target Local File Systems.
         Unmounting /run/user/1000...
[[0;32m  OK  [0m] Unmounted /run/user/1000.
[[0;32m  OK  [0m] Reached target Unmount All Filesystems.
[[0;32m  OK  [0m] Stopped target Local File Systems (Pre).
[[0;32m  OK  [0m] Stopped Create Static Device Nodes in /dev.
[[0;32m  OK  [0m] Stopped Remount Root and Kernel File Systems.
         Stopping Monitoring of LVM2 mirrorsâ€¦ng dmeventd or progress polling...
[[0;32m  OK  [0m] Stopped target Swap.
[[0;32m  OK  [0m] Reached target Shutdown.
[[0;32m  OK  [0m] Reached target Final Step.
         Starting Power-Off...
[[0;32m  OK  [0m] Stopped Monitoring of LVM2 mirrors,â€¦sing dmeventd or progress polling.
         Stopping LVM2 metadata daemon...
[[0;32m  OK  [0m] Stopped LVM2 metadata daemon.
[  626.134543] reboot: Power down
